------------------------------------------------------------
TimeQuest Timing Analyzer Summary
------------------------------------------------------------

Type  : Slow 1200mV 85C Model Setup 'clock_50MHz'
Slack : -6.801
TNS   : -709.669

Type  : Slow 1200mV 85C Model Setup 'reset'
Slack : -1.412
TNS   : -1.412

Type  : Slow 1200mV 85C Model Setup 'choose_product'
Slack : -0.907
TNS   : -0.907

Type  : Slow 1200mV 85C Model Setup 'choose_coin'
Slack : -0.238
TNS   : -0.238

Type  : Slow 1200mV 85C Model Hold 'choose_coin'
Slack : -0.176
TNS   : -0.176

Type  : Slow 1200mV 85C Model Hold 'clock_50MHz'
Slack : 0.385
TNS   : 0.000

Type  : Slow 1200mV 85C Model Hold 'choose_product'
Slack : 0.463
TNS   : 0.000

Type  : Slow 1200mV 85C Model Hold 'reset'
Slack : 0.965
TNS   : 0.000

Type  : Slow 1200mV 85C Model Recovery 'clock_50MHz'
Slack : -2.813
TNS   : -266.944

Type  : Slow 1200mV 85C Model Removal 'clock_50MHz'
Slack : 1.702
TNS   : 0.000

Type  : Slow 1200mV 85C Model Minimum Pulse Width 'clock_50MHz'
Slack : -3.000
TNS   : -276.705

Type  : Slow 1200mV 85C Model Minimum Pulse Width 'choose_coin'
Slack : -3.000
TNS   : -3.000

Type  : Slow 1200mV 85C Model Minimum Pulse Width 'choose_product'
Slack : -3.000
TNS   : -3.000

Type  : Slow 1200mV 85C Model Minimum Pulse Width 'reset'
Slack : -3.000
TNS   : -3.000

Type  : Slow 1200mV 0C Model Setup 'clock_50MHz'
Slack : -6.093
TNS   : -626.486

Type  : Slow 1200mV 0C Model Setup 'reset'
Slack : -1.341
TNS   : -1.341

Type  : Slow 1200mV 0C Model Setup 'choose_product'
Slack : -0.874
TNS   : -0.874

Type  : Slow 1200mV 0C Model Setup 'choose_coin'
Slack : -0.220
TNS   : -0.220

Type  : Slow 1200mV 0C Model Hold 'choose_coin'
Slack : -0.161
TNS   : -0.161

Type  : Slow 1200mV 0C Model Hold 'clock_50MHz'
Slack : 0.338
TNS   : 0.000

Type  : Slow 1200mV 0C Model Hold 'choose_product'
Slack : 0.412
TNS   : 0.000

Type  : Slow 1200mV 0C Model Hold 'reset'
Slack : 0.865
TNS   : 0.000

Type  : Slow 1200mV 0C Model Recovery 'clock_50MHz'
Slack : -2.608
TNS   : -243.056

Type  : Slow 1200mV 0C Model Removal 'clock_50MHz'
Slack : 1.565
TNS   : 0.000

Type  : Slow 1200mV 0C Model Minimum Pulse Width 'clock_50MHz'
Slack : -3.000
TNS   : -276.705

Type  : Slow 1200mV 0C Model Minimum Pulse Width 'choose_coin'
Slack : -3.000
TNS   : -3.000

Type  : Slow 1200mV 0C Model Minimum Pulse Width 'choose_product'
Slack : -3.000
TNS   : -3.000

Type  : Slow 1200mV 0C Model Minimum Pulse Width 'reset'
Slack : -3.000
TNS   : -3.000

Type  : Fast 1200mV 0C Model Setup 'clock_50MHz'
Slack : -2.893
TNS   : -251.439

Type  : Fast 1200mV 0C Model Setup 'reset'
Slack : -0.110
TNS   : -0.110

Type  : Fast 1200mV 0C Model Setup 'choose_product'
Slack : 0.192
TNS   : 0.000

Type  : Fast 1200mV 0C Model Setup 'choose_coin'
Slack : 0.515
TNS   : 0.000

Type  : Fast 1200mV 0C Model Hold 'choose_coin'
Slack : -0.084
TNS   : -0.084

Type  : Fast 1200mV 0C Model Hold 'clock_50MHz'
Slack : 0.092
TNS   : 0.000

Type  : Fast 1200mV 0C Model Hold 'choose_product'
Slack : 0.298
TNS   : 0.000

Type  : Fast 1200mV 0C Model Hold 'reset'
Slack : 0.508
TNS   : 0.000

Type  : Fast 1200mV 0C Model Recovery 'clock_50MHz'
Slack : -1.513
TNS   : -142.208

Type  : Fast 1200mV 0C Model Removal 'clock_50MHz'
Slack : 0.615
TNS   : 0.000

Type  : Fast 1200mV 0C Model Minimum Pulse Width 'clock_50MHz'
Slack : -3.000
TNS   : -230.591

Type  : Fast 1200mV 0C Model Minimum Pulse Width 'choose_coin'
Slack : -3.000
TNS   : -3.000

Type  : Fast 1200mV 0C Model Minimum Pulse Width 'choose_product'
Slack : -3.000
TNS   : -3.000

Type  : Fast 1200mV 0C Model Minimum Pulse Width 'reset'
Slack : -3.000
TNS   : -3.000

------------------------------------------------------------
